[lchang24@rorqual1 figure3]$ bash 02_compute_fig3_LD.sh 
==========================================
Computing LD for Figure 3 loci
Reference: /home/lchang24/links/projects/def-gsarah/lchang24/data/EUR
Output:    /home/lchang24/links/projects/def-gsarah/lchang24/github/coloc-susie/figure3/ld
==========================================

--- RAB19: index rs12216582 (chr7:140125361) ---
PLINK v1.90b6.21 64-bit (19 Oct 2020)          www.cog-genomics.org/plink/1.9/
(C) 2005-2020 Shaun Purcell, Christopher Chang   GNU General Public License v3
Logging to /home/lchang24/links/projects/def-gsarah/lchang24/github/coloc-susie/figure3/ld/RAB19.log.
Options in effect:
  --bfile /home/lchang24/links/projects/def-gsarah/lchang24/data/EUR
  --chr 7
  --from-bp 139625361
  --ld-snp rs12216582
  --ld-window 999999
  --ld-window-kb 1000
  --ld-window-r2 0
  --memory 4000
  --out /home/lchang24/links/projects/def-gsarah/lchang24/github/coloc-susie/figure3/ld/RAB19
  --r2
  --threads 1
  --to-bp 140625361

773530 MB RAM detected; reserving 4000 MB for main workspace.
2844 out of 8550156 variants loaded from .bim file.
503 people (0 males, 0 females, 503 ambiguous) loaded from .fam.
Ambiguous sex IDs written to
/home/lchang24/links/projects/def-gsarah/lchang24/github/coloc-susie/figure3/ld/RAB19.nosex
.
Using 1 thread.
Before main variant filters, 503 founders and 0 nonfounders present.
Calculating allele frequencies... done.
2844 variants and 503 people pass filters and QC.
Note: No phenotypes present.
--r2 to
/home/lchang24/links/projects/def-gsarah/lchang24/github/coloc-susie/figure3/ld/RAB19.ld
... done.          
  -> 2844 SNP pairs with r^2

--- MSRA: index rs6982308 (chr8:10193772) ---
PLINK v1.90b6.21 64-bit (19 Oct 2020)          www.cog-genomics.org/plink/1.9/
(C) 2005-2020 Shaun Purcell, Christopher Chang   GNU General Public License v3
Logging to /home/lchang24/links/projects/def-gsarah/lchang24/github/coloc-susie/figure3/ld/MSRA.log.
Options in effect:
  --bfile /home/lchang24/links/projects/def-gsarah/lchang24/data/EUR
  --chr 8
  --from-bp 9693772
  --ld-snp rs6982308
  --ld-window 999999
  --ld-window-kb 1000
  --ld-window-r2 0
  --memory 4000
  --out /home/lchang24/links/projects/def-gsarah/lchang24/github/coloc-susie/figure3/ld/MSRA
  --r2
  --threads 1
  --to-bp 10693772

773530 MB RAM detected; reserving 4000 MB for main workspace.
4330 out of 8550156 variants loaded from .bim file.
503 people (0 males, 0 females, 503 ambiguous) loaded from .fam.
Ambiguous sex IDs written to
/home/lchang24/links/projects/def-gsarah/lchang24/github/coloc-susie/figure3/ld/MSRA.nosex
.
Using 1 thread.
Before main variant filters, 503 founders and 0 nonfounders present.
Calculating allele frequencies... done.
4330 variants and 503 people pass filters and QC.
Note: No phenotypes present.
--r2 to
/home/lchang24/links/projects/def-gsarah/lchang24/github/coloc-susie/figure3/ld/MSRA.ld
... done.          
  -> 4330 SNP pairs with r^2

--- BIN3: index rs7005025 (chr8:22519815) ---
PLINK v1.90b6.21 64-bit (19 Oct 2020)          www.cog-genomics.org/plink/1.9/
(C) 2005-2020 Shaun Purcell, Christopher Chang   GNU General Public License v3
Logging to /home/lchang24/links/projects/def-gsarah/lchang24/github/coloc-susie/figure3/ld/BIN3.log.
Options in effect:
  --bfile /home/lchang24/links/projects/def-gsarah/lchang24/data/EUR
  --chr 8
  --from-bp 22019815
  --ld-snp rs7005025
  --ld-window 999999
  --ld-window-kb 1000
  --ld-window-r2 0
  --memory 4000
  --out /home/lchang24/links/projects/def-gsarah/lchang24/github/coloc-susie/figure3/ld/BIN3
  --r2
  --threads 1
  --to-bp 23019815

773530 MB RAM detected; reserving 4000 MB for main workspace.
3041 out of 8550156 variants loaded from .bim file.
503 people (0 males, 0 females, 503 ambiguous) loaded from .fam.
Ambiguous sex IDs written to
/home/lchang24/links/projects/def-gsarah/lchang24/github/coloc-susie/figure3/ld/BIN3.nosex
.
Using 1 thread.
Before main variant filters, 503 founders and 0 nonfounders present.
Calculating allele frequencies... done.
3041 variants and 503 people pass filters and QC.
Note: No phenotypes present.
--r2 to
/home/lchang24/links/projects/def-gsarah/lchang24/github/coloc-susie/figure3/ld/BIN3.ld
... done.          
  -> 3041 SNP pairs with r^2

--- TNK2: index rs13059257 (chr3:195634993) ---
PLINK v1.90b6.21 64-bit (19 Oct 2020)          www.cog-genomics.org/plink/1.9/
(C) 2005-2020 Shaun Purcell, Christopher Chang   GNU General Public License v3
Logging to /home/lchang24/links/projects/def-gsarah/lchang24/github/coloc-susie/figure3/ld/TNK2.log.
Options in effect:
  --bfile /home/lchang24/links/projects/def-gsarah/lchang24/data/EUR
  --chr 3
  --from-bp 195134993
  --ld-snp rs13059257
  --ld-window 999999
  --ld-window-kb 1000
  --ld-window-r2 0
  --memory 4000
  --ld-snp rs13059257
  --ld-window 999999
  --ld-window-kb 1000
  --ld-window-r2 0
  --memory 4000
  --out /home/lchang24/links/projects/def-gsarah/lchang24/github/coloc-susie/figure3/ld/TNK2
  --r2
  --threads 1
  --to-bp 196134993

773530 MB RAM detected; reserving 4000 MB for main workspace.
4433 out of 8550156 variants loaded from .bim file.
503 people (0 males, 0 females, 503 ambiguous) loaded from .fam.
Ambiguous sex IDs written to
/home/lchang24/links/projects/def-gsarah/lchang24/github/coloc-susie/figure3/ld/TNK2.nosex
.
Using 1 thread.
Before main variant filters, 503 founders and 0 nonfounders present.
Calculating allele frequencies... done.
4433 variants and 503 people pass filters and QC.
Note: No phenotypes present.
--r2 to
/home/lchang24/links/projects/def-gsarah/lchang24/github/coloc-susie/figure3/ld/TNK2.ld
... done.
  -> 4433 SNP pairs with r^2

==========================================
Done. LD files:
-rw-r-----. 1 lchang24 def-gsarah 237276 Jun 15 15:06 /home/lchang24/links/projects/def-gsarah/lchang24/github/coloc-susie/figure3/ld/BIN3.ld
-rw-r-----. 1 lchang24 def-gsarah 346480 Jun 15 15:06 /home/lchang24/links/projects/def-gsarah/lchang24/github/coloc-susie/figure3/ld/MSRA.ld
-rw-r-----. 1 lchang24 def-gsarah 227600 Jun 15 15:06 /home/lchang24/links/projects/def-gsarah/lchang24/github/coloc-susie/figure3/ld/RAB19.ld
-rw-r-----. 1 lchang24 def-gsarah 354720 Jun 15 15:06 /home/lchang24/links/projects/def-gsarah/lchang24/github/coloc-susie/figure3/ld/TNK2.ld
==========================================

NOTE: If any index SNP was not found in the reference, find a proxy:
  grep <rsid> /home/lchang24/links/projects/def-gsarah/lchang24/data/EUR.bim
  Or use the chr:pos to find the rsID in the reference at that position.
